#-----------------------------------------------------------
# Webtalk v2021.1.1 (64-bit)
# SW Build 3286242 on Wed Jul 28 13:10:47 MDT 2021
# IP Build 3279568 on Wed Jul 28 16:48:48 MDT 2021
# Start of session at: Fri Nov 12 02:55:48 2021
# Process ID: 19308
# Current directory: D:/Software/Xilinx/Projects/RC5_Complete_Module/RC5_Complete_Module.sim/sim_1/behav/xsim
# Command line: wbtcv.exe -mode batch -source D:/Software/Xilinx/Projects/RC5_Complete_Module/RC5_Complete_Module.sim/sim_1/behav/xsim/xsim.dir/RC5_TestBench_behav/webtalk/xsim_webtalk.tcl -notrace
# Log file: D:/Software/Xilinx/Projects/RC5_Complete_Module/RC5_Complete_Module.sim/sim_1/behav/xsim/webtalk.log
# Journal file: D:/Software/Xilinx/Projects/RC5_Complete_Module/RC5_Complete_Module.sim/sim_1/behav/xsim\webtalk.jou
#-----------------------------------------------------------
source D:/Software/Xilinx/Projects/RC5_Complete_Module/RC5_Complete_Module.sim/sim_1/behav/xsim/xsim.dir/RC5_TestBench_behav/webtalk/xsim_webtalk.tcl -notrace
